Microchip MPLAB XC8 Compiler V2.31

Linker command line:

-W-3 --edf=C:\Program Files\Microchip\xc8\v2.31\pic\dat\en_msgs.txt -cn \
  -h+dist/default/production\Lab10.X.production.sym \
  --cmf=dist/default/production\Lab10.X.production.cmf -z -Q16F887 \
  -oC:\Users\PERSON~1\AppData\Local\Temp\sils.2 --defsym=__MPLAB_BUILD=1 \
  -Mdist/default/production/Lab10.X.production.map -E1 -ver=XC8 Compiler \
  --acfsm=1493 -ASTACK=0110h-016Fh -pstack=STACK -ACODE=00h-07FFhx4 \
  -ASTRCODE=00h-01FFFh -ASTRING=00h-0FFhx32 -ACONST=00h-0FFhx32 \
  -AENTRY=00h-0FFhx32 -ACOMMON=070h-07Fh -ABANK0=020h-06Fh \
  -ABANK1=0A0h-0EFh -ABANK2=0110h-016Fh -ABANK3=0190h-01EFh \
  -ARAM=020h-06Fh,0A0h-0EFh,0110h-016Fh,0190h-01EFh \
  -AABS1=020h-07Fh,0A0h-0EFh,0110h-016Fh,0190h-01EFh -ASFR0=00h-01Fh \
  -ASFR1=080h-09Fh -ASFR2=0100h-010Fh -ASFR3=0180h-018Fh \
  -ACONFIG=02007h-02008h -DCONFIG=2 -AIDLOC=02000h-02003h -DIDLOC=2 \
  -AEEDATA=00h-0FFh/02100h -peeprom_data=EEDATA -DEEDATA=2 -DCODE=2 \
  -DSTRCODE=2 -DSTRING=2 -DCONST=2 -DENTRY=2 \
  -preset_vec=00h,intentry,init,end_init -ppowerup=CODE -pcinit=CODE \
  -pfunctab=ENTRY -k C:\Users\PERSON~1\AppData\Local\Temp\sils.o \
  dist/default/production\Lab10.X.production.o 

Object code version is 3.11

Machine type is 16F887



                Name                               Link     Load   Length Selector   Space Scale
C:\Users\PERSON~1\AppData\Local\Temp\sils.o
                end_init                              0        0        3        0       0
                config                             2007     2007        2        0       4
dist/default/production\Lab10.X.production.o
                cinit                               7E4      7E4       1C      FC8       0
                config                             2007     2007        2        0       4
                text4                               6AD      6AD        B      D5A       0
                text3                               6CB      6CB       1F      D96       0
                text2                               739      739       4C      E72       0
                text1                               709      709       30      E12       0
                maintext                            6EA      6EA       1F      DD4       0
                cstackCOMMON                         70       70        A       70       1
                inittext                            6B8      6B8       13      D70       0
                dataBANK3                           190      190       5F      190       1
                bssBANK0                             20       20        2       20       1
                dataCOMMON                           7C       7C        1       70       1
                bssCOMMON                            7A       7A        2       70       1
                strings                               3        3       6A        6       0
                idataBANK3                          785      785       5F      F0A       0
                idataCOMMON                         6AC      6AC        1      D58       0

TOTAL           Name                               Link     Load   Length     Space
        CLASS   STACK          

        CLASS   CODE           
                end_init                              0        0        3         0
                cinit                               7E4      7E4       1C         0
                text4                               6AD      6AD        B         0
                text3                               6CB      6CB       1F         0
                text2                               739      739       4C         0
                text1                               709      709       30         0
                maintext                            6EA      6EA       1F         0
                inittext                            6B8      6B8       13         0
                idataBANK3                          785      785       5F         0
                idataCOMMON                         6AC      6AC        1         0

        CLASS   STRCODE        

        CLASS   STRING         
                strings                               3        3       6A         0

        CLASS   CONST          

        CLASS   ENTRY          

        CLASS   COMMON         
                cstackCOMMON                         70       70        A         1
                dataCOMMON                           7C       7C        1         1
                bssCOMMON                            7A       7A        2         1

        CLASS   BANK0          
                bssBANK0                             20       20        2         1

        CLASS   BANK1          

        CLASS   BANK2          

        CLASS   BANK3          
                dataBANK3                           190      190       5F         1

        CLASS   RAM            

        CLASS   ABS1           
                abs_s1                               7E       7E        2         1

        CLASS   SFR0           

        CLASS   SFR1           

        CLASS   SFR2           

        CLASS   SFR3           

        CLASS   CONFIG         
                config                             2007     2007        2         4

        CLASS   IDLOC          

        CLASS   EEDATA         



SEGMENTS        Name                           Load    Length   Top    Selector   Space  Class     Delta

                reset_vec                      000000  000003  000003         0       0  CODE        2
                strings                        000003  00006A  00006D         6       0  STRING      2
                bssBANK0                       000020  000002  000022        20       1  BANK0       1
                cstackCOMMON                   000070  00000D  00007D        70       1  COMMON      1
                dataBANK3                      000190  00005F  0001EF       190       1  BANK3       1
                idataCOMMON                    0006AC  000001  0006AD       D58       0  CODE        2
                text4                          0006AD  00000B  0006B8       D5A       0  CODE        2
                inittext                       0006B8  000013  0006CB       D70       0  CODE        2
                text3                          0006CB  00001F  0006EA       D96       0  CODE        2
                maintext                       0006EA  00001F  000709       DD4       0  CODE        2
                text1                          000709  000030  000739       E12       0  CODE        2
                text2                          000739  00004C  000785       E72       0  CODE        2
                idataBANK3                     000785  00005F  0007E4       F0A       0  CODE        2
                cinit                          0007E4  00001C  000800       FC8       0  CODE        2


UNUSED ADDRESS RANGES

        Name                Unused          Largest block    Delta
        BANK0            0022-006F             4E           1
        BANK1            00A0-00EF             50           1
        BANK2            0110-016F             60           1
        BANK3            01EF-01EF              1           1
        CODE             006D-06AB            63F           2
                         0800-1FFF            800
        COMMON           007D-007D              1           1
        CONST            006D-06AB            100           2
                         0800-1FFF            100
        EEDATA           2100-21FF            100           2
        ENTRY            006D-06AB            100           2
                         0800-1FFF            100
        IDLOC            2000-2003              4           2
        RAM              0022-006F             4E           1
                         00A0-00EF             50
                         0110-016F             60
                         01EF-01EF              1
        SFR0             0000-001F             20           1
        SFR1             0080-009F             20           1
        SFR2             0100-010F             10           1
        SFR3             0180-018F             10           1
        STACK            0110-016F             60           1
        STRCODE          006D-06AB            63F           2
                         0800-1FFF           1800
        STRING           006D-06AB            100           2
                         0800-1FFF            100

                                  Symbol Table

?_printf                 cstackCOMMON 0070
_ANSEL                   (abs)        0188
_ANSELH                  (abs)        0189
_BAUDCTLbits             (abs)        0187
_DATO                    dataCOMMON   007C
_I                       dataBANK3    0190
_INS                     text2        0739
_INTCONbits              (abs)        000B
_OSCCONbits              (abs)        008F
_PIE1bits                (abs)        008C
_PIR1bits                (abs)        000C
_PORTA                   (abs)        0005
_PORTB                   (abs)        0006
_PUERTOA                 bssCOMMON    007B
_PUERTOB                 bssCOMMON    007A
_RCIF                    (abs)        0065
_RCREG                   (abs)        001A
_RCSTAbits               (abs)        0018
_SPBRG                   (abs)        0099
_SPBRGH                  (abs)        009A
_TRISA                   (abs)        0085
_TRISB                   (abs)        0086
_TRISCbits               (abs)        0087
_TXIF                    (abs)        0064
_TXREG                   (abs)        0019
_TXSTAbits               (abs)        0098
_VALOR                   bssBANK0     0020
__Habs1                  abs1         0000
__Hbank0                 bank0        0000
__Hbank1                 bank1        0000
__Hbank2                 bank2        0000
__Hbank3                 bank3        0000
__HbssBANK0              bssBANK0     0000
__HbssCOMMON             bssCOMMON    0000
__Hcinit                 cinit        0800
__Hclrtext               clrtext      0000
__Hcode                  code         0000
__Hcommon                common       0000
__Hconfig                config       2009
__HcstackCOMMON          cstackCOMMON 0000
__HdataBANK3             dataBANK3    0000
__HdataCOMMON            dataCOMMON   0000
__Heeprom_data           eeprom_data  0000
__Hend_init              end_init     0003
__Hfunctab               functab      0000
__HidataBANK3            idataBANK3   0000
__HidataCOMMON           idataCOMMON  0000
__Hinit                  init         0000
__Hinittext              inittext     0000
__Hintentry              intentry     0000
__Hmaintext              maintext     0000
__Hpowerup               powerup      0000
__Hram                   ram          0000
__Hreset_vec             reset_vec    0000
__Hsfr0                  sfr0         0000
__Hsfr1                  sfr1         0000
__Hsfr2                  sfr2         0000
__Hsfr3                  sfr3         0000
__Hspace_0               (abs)        0800
__Hspace_1               (abs)        01EF
__Hspace_2               (abs)        0000
__Hspace_3               (abs)        0000
__Hspace_4               (abs)        4010
__Hstack                 stack        0000
__Hstrings               strings      0000
__Htext                  text         0000
__Labs1                  abs1         0000
__Lbank0                 bank0        0000
__Lbank1                 bank1        0000
__Lbank2                 bank2        0000
__Lbank3                 bank3        0000
__LbssBANK0              bssBANK0     0000
__LbssCOMMON             bssCOMMON    0000
__Lcinit                 cinit        07E4
__Lclrtext               clrtext      0000
__Lcode                  code         0000
__Lcommon                common       0000
__Lconfig                config       0000
__LcstackCOMMON          cstackCOMMON 0000
__LdataBANK3             dataBANK3    0000
__LdataCOMMON            dataCOMMON   0000
__Leeprom_data           eeprom_data  0000
__Lend_init              end_init     0000
__Lfunctab               functab      0000
__LidataBANK3            idataBANK3   0000
__LidataCOMMON           idataCOMMON  0000
__Linit                  init         0000
__Linittext              inittext     0000
__Lintentry              intentry     0000
__Lmaintext              maintext     0000
__Lpowerup               powerup      0000
__Lram                   ram          0000
__Lreset_vec             reset_vec    0000
__Lsfr0                  sfr0         0000
__Lsfr1                  sfr1         0000
__Lsfr2                  sfr2         0000
__Lsfr3                  sfr3         0000
__Lspace_0               (abs)        0000
__Lspace_1               (abs)        0000
__Lspace_2               (abs)        0000
__Lspace_3               (abs)        0000
__Lspace_4               (abs)        0000
__Lstack                 stack        0000
__Lstrings               strings      0000
__Ltext                  text         0000
__S0                     (abs)        0800
__S1                     (abs)        01EF
__S2                     (abs)        0000
__S3                     (abs)        0000
___int_sp                stack        0000
___latbits               (abs)        0002
___sp                    stack        0000
___stackhi               (abs)        0000
___stacklo               (abs)        0000
__end_of_INS             text2        0785
__end_of__initialization cinit        07FC
__end_of__stringtab      strings      0009
__end_of_main            maintext     0709
__end_of_printf          text3        06EA
__end_of_putch           text4        06B8
__end_of_setup           text1        0739
__initialization         cinit        07E4
__pbssBANK0              bssBANK0     0020
__pbssCOMMON             bssCOMMON    007A
__pcstackCOMMON          cstackCOMMON 0070
__pdataBANK3             dataBANK3    0190
__pdataCOMMON            dataCOMMON   007C
__pidataBANK3            idataBANK3   0785
__pidataCOMMON           idataCOMMON  06AC
__pmaintext              maintext     06EA
__pstrings               strings      0003
__ptext1                 text1        0709
__ptext2                 text2        0739
__ptext3                 text3        06CB
__ptext4                 text4        06AD
__size_of_INS            (abs)        0000
__size_of_main           (abs)        0000
__size_of_printf         (abs)        0000
__size_of_putch          (abs)        0000
__size_of_setup          (abs)        0000
__stringbase             strings      0008
__stringtab              strings      0003
_main                    maintext     06EA
_printf                  text3        06CB
_putch                   text4        06AD
_setup                   text1        0709
btemp                    (abs)        007E
end_of_initialization    cinit        07FC
init_fetch0              inittext     06B8
init_ram0                inittext     06BC
intlevel0                functab      0000
intlevel1                functab      0000
intlevel2                functab      0000
intlevel3                functab      0000
intlevel4                functab      0000
intlevel5                functab      0000
printf@ap                cstackCOMMON 0072
printf@c                 cstackCOMMON 0073
printf@f                 cstackCOMMON 0074
putch@DATA               cstackCOMMON 0070
reset_vec                reset_vec    0000
start                    init         0000
start_initialization     cinit        07E4
wtemp0                   (abs)        007E


FUNCTION INFORMATION:

 *************** function _main *****************
 Defined at:
		line 117 in file "Main10.c"
 Parameters:    Size  Location     Type
		None
 Auto vars:     Size  Location     Type
		None
 Return value:  Size  Location     Type
                  1    wreg      void 
 Registers used:
		wreg, fsr0l, fsr0h, status,2, status,0, pclath, cstack
 Tracked objects:
		On entry : 
		On exit  : 
		Unchanged: 
 Data sizes:     COMMON   BANK0   BANK1   BANK3   BANK2
      Params:         0       0       0       0       0
      Locals:         0       0       0       0       0
      Temps:          3       0       0       0       0
      Totals:         3       0       0       0       0
Total ram usage:        3 bytes
 Hardware stack levels required when called:    3
 This function calls:
		_INS
		_setup
 This function is called by:
		Startup code after reset
 This function uses a non-reentrant model


 *************** function _setup *****************
 Defined at:
		line 72 in file "Main10.c"
 Parameters:    Size  Location     Type
		None
 Auto vars:     Size  Location     Type
		None
 Return value:  Size  Location     Type
                  1    wreg      void 
 Registers used:
		wreg, status,2
 Tracked objects:
		On entry : 
		On exit  : 
		Unchanged: 
 Data sizes:     COMMON   BANK0   BANK1   BANK3   BANK2
      Params:         0       0       0       0       0
      Locals:         0       0       0       0       0
      Temps:          0       0       0       0       0
      Totals:         0       0       0       0       0
Total ram usage:        0 bytes
 Hardware stack levels used:    1
 This function calls:
		Nothing
 This function is called by:
		_main
 This function uses a non-reentrant model


 *************** function _INS *****************
 Defined at:
		line 140 in file "Main10.c"
 Parameters:    Size  Location     Type
		None
 Auto vars:     Size  Location     Type
		None
 Return value:  Size  Location     Type
                  1    wreg      void 
 Registers used:
		wreg, fsr0l, fsr0h, status,2, status,0, pclath, cstack
 Tracked objects:
		On entry : 
		On exit  : 
		Unchanged: 
 Data sizes:     COMMON   BANK0   BANK1   BANK3   BANK2
      Params:         0       0       0       0       0
      Locals:         0       0       0       0       0
      Temps:          2       0       0       0       0
      Totals:         2       0       0       0       0
Total ram usage:        2 bytes
 Hardware stack levels used:    1
 Hardware stack levels required when called:    2
 This function calls:
		_printf
 This function is called by:
		_main
 This function uses a non-reentrant model


 *************** function _printf *****************
 Defined at:
		line 477 in file "C:\Program Files\Microchip\xc8\v2.31\pic\sources\c90\common\doprnt.c"
 Parameters:    Size  Location     Type
  f               1    wreg     PTR const unsigned char 
		 -> STR_2(50), STR_1(50), 
 Auto vars:     Size  Location     Type
  f               1    4[COMMON] PTR const unsigned char 
		 -> STR_2(50), STR_1(50), 
  tmpval          4    0        struct .
  cp              2    0        PTR const unsigned char 
  len             2    0        unsigned int 
  val             2    0        unsigned int 
  c               1    3[COMMON] unsigned char 
  ap              1    2[COMMON] PTR void [1]
		 -> ?_printf(2), 
  flag            1    0        unsigned char 
  prec            1    0        char 
 Return value:  Size  Location     Type
                  2   42[None  ] int 
 Registers used:
		wreg, fsr0l, fsr0h, status,2, status,0, pclath, cstack
 Tracked objects:
		On entry : 
		On exit  : 
		Unchanged: 
 Data sizes:     COMMON   BANK0   BANK1   BANK3   BANK2
      Params:         0       0       0       0       0
      Locals:         3       0       0       0       0
      Temps:          1       0       0       0       0
      Totals:         4       0       0       0       0
Total ram usage:        4 bytes
 Hardware stack levels used:    1
 Hardware stack levels required when called:    1
 This function calls:
		_putch
 This function is called by:
		_INS
 This function uses a non-reentrant model


 *************** function _putch *****************
 Defined at:
		line 134 in file "Main10.c"
 Parameters:    Size  Location     Type
  DATA            1    wreg     unsigned char 
 Auto vars:     Size  Location     Type
  DATA            1    0[COMMON] unsigned char 
 Return value:  Size  Location     Type
                  1    wreg      void 
 Registers used:
		wreg
 Tracked objects:
		On entry : 
		On exit  : 
		Unchanged: 
 Data sizes:     COMMON   BANK0   BANK1   BANK3   BANK2
      Params:         0       0       0       0       0
      Locals:         1       0       0       0       0
      Temps:          0       0       0       0       0
      Totals:         1       0       0       0       0
Total ram usage:        1 bytes
 Hardware stack levels used:    1
 This function calls:
		Nothing
 This function is called by:
		_printf
 This function uses a non-reentrant model



MODULE INFORMATION

Module		Function		Class		Link	Load	Size
C:\Program Files\Microchip\xc8\v2.31\pic\sources\c90\common\doprnt.c
		_printf        		CODE           	06CB	0000	31

C:\Program Files\Microchip\xc8\v2.31\pic\sources\c90\common\doprnt.c estimated size: 31

Main10.c
		_INS           		CODE           	0739	0000	76
		_putch         		CODE           	06AD	0000	11
		_main          		CODE           	06EA	0000	31
		_setup         		CODE           	0709	0000	48

Main10.c estimated size: 166

shared
		__stringtab    		STRING         	0003	0000	6
		__initialization		CODE           	07E4	0000	24

shared estimated size: 30

